---
source: src/test.rs
expression: output
---
## `lib.debug.nixdoc` {#function-library-lib.debug.nixdoc}

**Type**: `This is a parsed type`

nixdoc-legacy comment

::: {.example #function-library-example-lib.debug.nixdoc}
# `lib.debug.nixdoc` usage example

```nix
This is a parsed example
```
:::

## `lib.debug.rfc-style` {#function-library-lib.debug.rfc-style}

doc comment in markdown format

## `lib.debug.foo` {#function-library-lib.debug.foo}

Comment
